[2026-08-30 17:24:27] Phase 0: warte auf den laufenden Rechenlauf (StadtLand_1t, Stand 42 %) ...
[2026-08-30 17:26:57] Pipeline frei: Zustand   : done
[2026-08-30 17:26:57] Basis-Auslegung: 20260830_164541_StadtLand_1t_Kosten
[2026-08-30 17:26:57] === Variante MVG_A_3p36Nuten_V (p=3, 36 Nuten, magShape=v) ===
  p: 3 -> 3
  slots: 36 -> 36
  magShape: vasym -> v
  project_name: StadtLand_1t_Kosten -> MVG_A_3p36Nuten_V  (ohne Schema, ungeprueft)
{"gestartet": "cad", "route": "/cad_preview", "status": "started"}
[     0s] running 0%
[    25s] done 100%
  🛡 Rotorlayout-Check: V-Form (IPM), 12 Taschen, minimaler Abstand 7.127 mm (mind. 2.0 mm) - OK
  🛡 Rotor-Festigkeit (4000 U/min, M400-50A (Günstig, 0.50 mm)):  Scheibe  σ   10.1 MPa (SF 37.53) | Zylinder σ   10.5 MPa (SF 36.29) | Peak (Kt=1.5) σ 15.7 MPa (SF 24.19) | Fliessgrenze 380 MPa ✅ PASS
     Tier-1 = Machbarkeits-Screen (hard-fail nur bei SF_peak < 1.0); bindend ist Tier-2: 3D-FEM-P99 vs. Fliessgrenze (Stage 5).
  ⚙ Erzeuge Motorgeometrie in FreeCAD…
  ✓ Geometrie: 118 Flächen, 1677433 mm³ · STEP exportiert
  ✓ CAD-Schnittbilder erzeugt
  ✓ CAD-Vorschau fertig — Modell kann in FreeCAD geöffnet werden
{"gestartet": "analyse", "route": "/analyse", "status": "started"}
[     0s] running 5%
[  2187s] done 100%
  ✓ Thermal: T_w=52°C  T_M=99°C  T_H=44°C  | P_ges=776 W
    ⚠ Dauerbetrieb: T_Magnet=99°C > Dauergrenze 80°C (NdFeB N35) — irreversible Entmagnetisierung
  ✓ EM-Advanced: Ld=0.0377 Lq=0.1315 mH | Isc=182.8 A | Demag-Reserve=0.434 T
  ✓ Leistung: P_max ≈ 64 kW @ 4000 U/min | T_max ≈ 153 Nm bis 4000 U/min
     🌡 Thermisch (Stadt/Land (Alltagsprofil)): Dauer T_W=76°C T_M=107°C | Peak T_W=82°C T_M=113°C (T_Nenn=167.6 Nm)
       ⚠ Dauerbetrieb: T_Magnet=107°C > Dauergrenze 80°C (NdFeB N35) — irreversible Entmagnetisierung
       ⚠ Peak: T_Magnet=113°C > Dauergrenze 80°C — teilweise irreversible Entmagnetisierung möglich
  🚗 Zyklus (Stadt/Land (Alltagsprofil)): 18.8 km · 10.58 kWh/100 km · η=75.1%
  💾 Projekt gespeichert: /home/cae/cae_projekte/20260830_172723_StadtLand_1t_Kosten
  🗃 Rechnungsdatenbank nachgefuehrt
  📚 Trainingsdatensatz aktualisiert
  ✅ Analyse abgeschlossen — B_gap=0.477 T, max. sicher: 4000 U/min
[2026-08-30 18:03:50] FERTIG: MVG_A_3p36Nuten_V
[2026-08-30 18:03:50] === Variante MVG_B_3p36Nuten_U (p=3, 36 Nuten, magShape=u) ===
  p: 3 -> 3
  slots: 36 -> 36
  magShape: vasym -> u
  project_name: StadtLand_1t_Kosten -> MVG_B_3p36Nuten_U  (ohne Schema, ungeprueft)
{"gestartet": "cad", "route": "/cad_preview", "status": "started"}
[     0s] running 10%
[    30s] done 100%
  🛡 Rotorlayout-Check: U-Form (IPM), 18 Taschen, minimaler Abstand 2.25 mm (mind. 2.0 mm) - OK
  🛡 Rotor-Festigkeit (4000 U/min, M400-50A (Günstig, 0.50 mm)):  Scheibe  σ   10.1 MPa (SF 37.53) | Zylinder σ   10.5 MPa (SF 36.29) | Peak (Kt=1.5) σ 15.7 MPa (SF 24.19) | Fliessgrenze 380 MPa ✅ PASS
     Tier-1 = Machbarkeits-Screen (hard-fail nur bei SF_peak < 1.0); bindend ist Tier-2: 3D-FEM-P99 vs. Fliessgrenze (Stage 5).
  ⚙ Erzeuge Motorgeometrie in FreeCAD…
  ✓ Geometrie: 172 Flächen, 1626181 mm³ · STEP exportiert
  ✓ CAD-Schnittbilder erzeugt
  ✓ CAD-Vorschau fertig — Modell kann in FreeCAD geöffnet werden
{"gestartet": "analyse", "route": "/analyse", "status": "started"}
[     0s] running 5%
[  2116s] done 100%
  ✓ Thermal: T_w=52°C  T_M=99°C  T_H=44°C  | P_ges=776 W
    ⚠ Dauerbetrieb: T_Magnet=99°C > Dauergrenze 80°C (NdFeB N35) — irreversible Entmagnetisierung
  ✓ EM-Advanced: Ld=0.0377 Lq=0.1315 mH | Isc=182.8 A | Demag-Reserve=0.434 T
  ✓ Leistung: P_max ≈ 64 kW @ 4000 U/min | T_max ≈ 153 Nm bis 4000 U/min
     🌡 Thermisch (Stadt/Land (Alltagsprofil)): Dauer T_W=76°C T_M=107°C | Peak T_W=82°C T_M=113°C (T_Nenn=167.6 Nm)
       ⚠ Dauerbetrieb: T_Magnet=107°C > Dauergrenze 80°C (NdFeB N35) — irreversible Entmagnetisierung
       ⚠ Peak: T_Magnet=113°C > Dauergrenze 80°C — teilweise irreversible Entmagnetisierung möglich
  🚗 Zyklus (Stadt/Land (Alltagsprofil)): 18.8 km · 10.58 kWh/100 km · η=75.1%
  💾 Projekt gespeichert: /home/cae/cae_projekte/20260830_180420_StadtLand_1t_Kosten
  🗃 Rechnungsdatenbank nachgefuehrt
  📚 Trainingsdatensatz aktualisiert
  ✅ Analyse abgeschlossen — B_gap=0.477 T, max. sicher: 4000 U/min
[2026-08-30 18:39:36] FERTIG: MVG_B_3p36Nuten_U
[2026-08-30 18:39:36] === Variante MVG_C_3p36Nuten_Spoken (p=3, 36 Nuten, magShape=spoke) ===
  p: 3 -> 3
  slots: 36 -> 36
  magShape: vasym -> spoke
  project_name: StadtLand_1t_Kosten -> MVG_C_3p36Nuten_Spoken  (ohne Schema, ungeprueft)
{"gestartet": "cad", "route": "/cad_preview", "status": "started"}
[     0s] running 0%
[    20s] done 100%
  🛡 Rotorlayout-Check: Speichen-Typ (Flusskonzentration), 6 Taschen, minimaler Abstand 25.661 mm (mind. 2.0 mm) - OK
  🛡 Rotor-Festigkeit (4000 U/min, M400-50A (Günstig, 0.50 mm)):  Scheibe  σ   10.1 MPa (SF 37.53) | Zylinder σ   10.5 MPa (SF 36.29) | Peak (Kt=1.5) σ 15.7 MPa (SF 24.19) | Fliessgrenze 380 MPa ✅ PASS
     Tier-1 = Machbarkeits-Screen (hard-fail nur bei SF_peak < 1.0); bindend ist Tier-2: 3D-FEM-P99 vs. Fliessgrenze (Stage 5).
  ⚙ Erzeuge Motorgeometrie in FreeCAD…
  ✓ Geometrie: 64 Flächen, 0 mm³ · STEP exportiert
  ✓ CAD-Schnittbilder erzeugt
  ✓ CAD-Vorschau fertig — Modell kann in FreeCAD geöffnet werden
{"gestartet": "analyse", "route": "/analyse", "status": "started"}
[     0s] running 5%
[  2141s] done 100%
  ✓ Thermal: T_w=52°C  T_M=99°C  T_H=44°C  | P_ges=776 W
    ⚠ Dauerbetrieb: T_Magnet=99°C > Dauergrenze 80°C (NdFeB N35) — irreversible Entmagnetisierung
  ✓ EM-Advanced: Ld=0.0377 Lq=0.1315 mH | Isc=182.8 A | Demag-Reserve=0.434 T
  ✓ Leistung: P_max ≈ 64 kW @ 4000 U/min | T_max ≈ 153 Nm bis 4000 U/min
     🌡 Thermisch (Stadt/Land (Alltagsprofil)): Dauer T_W=76°C T_M=107°C | Peak T_W=82°C T_M=113°C (T_Nenn=167.6 Nm)
       ⚠ Dauerbetrieb: T_Magnet=107°C > Dauergrenze 80°C (NdFeB N35) — irreversible Entmagnetisierung
       ⚠ Peak: T_Magnet=113°C > Dauergrenze 80°C — teilweise irreversible Entmagnetisierung möglich
  🚗 Zyklus (Stadt/Land (Alltagsprofil)): 18.8 km · 10.58 kWh/100 km · η=75.1%
  💾 Projekt gespeichert: /home/cae/cae_projekte/20260830_183957_StadtLand_1t_Kosten
  🗃 Rechnungsdatenbank nachgefuehrt
  📚 Trainingsdatensatz aktualisiert
  ✅ Analyse abgeschlossen — B_gap=0.477 T, max. sicher: 4000 U/min
[2026-08-30 19:15:38] FERTIG: MVG_C_3p36Nuten_Spoken
[2026-08-30 19:15:38] Warteschlange beendet, 0 Varianten mit Fehlern.
