-- The C compiler identification is GNU 13.3.0
-- The CXX compiler identification is GNU 13.3.0
-- Detecting C compiler ABI info
-- Detecting C compiler ABI info - done
-- Check for working C compiler: /usr/bin/cc - skipped
-- Detecting C compile features
-- Detecting C compile features - done
-- Detecting CXX compiler ABI info
-- Detecting CXX compiler ABI info - done
-- Check for working CXX compiler: /usr/bin/c++ - skipped
-- Detecting CXX compile features
-- Detecting CXX compile features - done
CMake Deprecation Warning at openvdb/CMakeLists.txt:273 (message):
  Support for CMake versions < 4.0 is deprecated and will be removed.


CMake Deprecation Warning at openvdb/cmake/config/OpenVDBCXX.cmake:18 (message):
  Support for CMake versions < 4.0 is deprecated and will be removed.
Call Stack (most recent call first):
  openvdb/CMakeLists.txt:390 (include)


-- CMake Build Type: Release
-- Found PkgConfig: /usr/bin/pkg-config (found version "1.8.1") 
CMake Warning at openvdb/CMakeLists.txt:399 (message):
  Unable to find Jemalloc, attempting to fall back to TBB malloc.

        It is recommended to use Jemalloc for optimum performance.


-- Configuring for OpenVDB Version 13.0.0
-- Configuring for OpenVDB ABI Version 13
-- ----------------------------------------------------
-- ------------- Configuring OpenVDBCore --------------
-- ----------------------------------------------------
-- Found Boost: /usr/lib/x86_64-linux-gnu/cmake/Boost-1.83.0/BoostConfig.cmake (found suitable version "1.83.0", minimum required is "1.82") found components: iostreams 
CMake Deprecation Warning at openvdb/openvdb/openvdb/CMakeLists.txt:126 (message):
  Support for Boost versions < 1.85 is deprecated and will be removed.


-- Found TBB: /usr/include (found suitable version "2021.11", minimum required is "2020.3") found components: tbb 
-- Found Blosc: /home/thomas/ai-project/pikogk/local-install/lib/libblosc.so (found suitable version "1.21.7", minimum required is "1.17.0") 
-- Found ZLIB: /usr/lib/x86_64-linux-gnu/libz.so (found suitable version "1.3", minimum required is "1.2.7")  
-- Performing Test CMAKE_HAVE_LIBC_PTHREAD
-- Performing Test CMAKE_HAVE_LIBC_PTHREAD - Success
-- Found Threads: TRUE  
-- ----------------------------------------------------
-- ----------- Configuring OpenVDBBinaries ------------
-- ----------------------------------------------------
-- Found TBB: /usr/include (found suitable version "2021.11", minimum required is "2020.3") found components: tbbmalloc 
-- Including Wayland support
-- Including X11 support
-- Looking for memfd_create
-- Looking for memfd_create - found
-- Checking for modules 'wayland-client>=0.2.7;wayland-cursor>=0.2.7;wayland-egl>=0.2.7;xkbcommon>=0.5.0'
--   Found wayland-client, version 1.22.0
--   Found wayland-cursor, version 1.22.0
--   Found wayland-egl, version 18.1.0
--   Found xkbcommon, version 1.6.0
-- Found X11: /usr/include   
-- Looking for XOpenDisplay in /usr/lib/x86_64-linux-gnu/libX11.so;/usr/lib/x86_64-linux-gnu/libXext.so
-- Looking for XOpenDisplay in /usr/lib/x86_64-linux-gnu/libX11.so;/usr/lib/x86_64-linux-gnu/libXext.so - found
-- Looking for gethostbyname
-- Looking for gethostbyname - found
-- Looking for connect
-- Looking for connect - found
-- Looking for remove
-- Looking for remove - found
-- Looking for shmat
-- Looking for shmat - found
-- Looking for IceConnectionNumber in ICE
-- Looking for IceConnectionNumber in ICE - found
-- Documentation generation requires Doxygen 1.9.8 or later
-- Configuring done (1.2s)
-- Generating done (0.0s)
-- Build files have been written to: /home/thomas/ai-project/pikogk/PicoGKRuntime/build
