[  5%] Generating xdg-shell-client-protocol.h
[  5%] Generating fractional-scale-v1-client-protocol-code.h
[  5%] Generating idle-inhibit-unstable-v1-client-protocol-code.h
[  5%] Generating fractional-scale-v1-client-protocol.h
[  6%] Generating idle-inhibit-unstable-v1-client-protocol.h
[  8%] Generating pointer-constraints-unstable-v1-client-protocol-code.h
[  9%] Generating pointer-constraints-unstable-v1-client-protocol.h
[  9%] Building CXX object openvdb/openvdb/openvdb/CMakeFiles/openvdb_static.dir/Grid.cc.o
[ 10%] Generating relative-pointer-unstable-v1-client-protocol.h
[ 10%] Generating relative-pointer-unstable-v1-client-protocol-code.h
[ 12%] Generating viewporter-client-protocol-code.h
[ 13%] Building CXX object openvdb/openvdb/openvdb/CMakeFiles/openvdb_static.dir/io/Archive.cc.o
[ 13%] Building CXX object openvdb/openvdb/openvdb/CMakeFiles/openvdb_static.dir/io/Compression.cc.o
[ 14%] Generating viewporter-client-protocol.h
[ 18%] Building CXX object openvdb/openvdb/openvdb/CMakeFiles/openvdb_static.dir/io/DelayedLoadMetadata.cc.o
[ 18%] Generating wayland-client-protocol-code.h
[ 18%] Generating wayland-client-protocol.h
[ 20%] Generating xdg-activation-v1-client-protocol-code.h
[ 20%] Generating xdg-activation-v1-client-protocol.h
[ 21%] Generating xdg-decoration-unstable-v1-client-protocol-code.h
[ 24%] Generating xdg-shell-client-protocol-code.h
[ 24%] Generating xdg-decoration-unstable-v1-client-protocol.h
[ 25%] Building CXX object openvdb/openvdb/openvdb/CMakeFiles/openvdb_static.dir/io/File.cc.o
[ 26%] Building CXX object openvdb/openvdb/openvdb/CMakeFiles/openvdb_static.dir/io/GridDescriptor.cc.o
[ 26%] Building CXX object openvdb/openvdb/openvdb/CMakeFiles/openvdb_static.dir/io/Queue.cc.o
[ 28%] Building C object GLFW/src/CMakeFiles/glfw.dir/context.c.o
[ 28%] Building C object GLFW/src/CMakeFiles/glfw.dir/init.c.o
[ 29%] Building C object GLFW/src/CMakeFiles/glfw.dir/input.c.o
[ 30%] Building C object GLFW/src/CMakeFiles/glfw.dir/monitor.c.o
[ 32%] Building C object GLFW/src/CMakeFiles/glfw.dir/platform.c.o
[ 33%] Building C object GLFW/src/CMakeFiles/glfw.dir/vulkan.c.o
[ 33%] Building C object GLFW/src/CMakeFiles/glfw.dir/window.c.o
[ 34%] Building C object GLFW/src/CMakeFiles/glfw.dir/egl_context.c.o
[ 36%] Building C object GLFW/src/CMakeFiles/glfw.dir/osmesa_context.c.o
[ 37%] Building C object GLFW/src/CMakeFiles/glfw.dir/null_init.c.o
[ 38%] Building C object GLFW/src/CMakeFiles/glfw.dir/null_monitor.c.o
[ 40%] Building C object GLFW/src/CMakeFiles/glfw.dir/null_window.c.o
[ 40%] Building C object GLFW/src/CMakeFiles/glfw.dir/null_joystick.c.o
[ 41%] Building C object GLFW/src/CMakeFiles/glfw.dir/posix_module.c.o
[ 42%] Building C object GLFW/src/CMakeFiles/glfw.dir/posix_time.c.o
[ 44%] Building C object GLFW/src/CMakeFiles/glfw.dir/posix_thread.c.o
[ 45%] Building CXX object openvdb/openvdb/openvdb/CMakeFiles/openvdb_static.dir/io/Stream.cc.o
[ 46%] Building CXX object openvdb/openvdb/openvdb/CMakeFiles/openvdb_static.dir/io/TempFile.cc.o
[ 48%] Building C object GLFW/src/CMakeFiles/glfw.dir/x11_init.c.o
[ 48%] Building C object GLFW/src/CMakeFiles/glfw.dir/x11_monitor.c.o
[ 49%] Building C object GLFW/src/CMakeFiles/glfw.dir/x11_window.c.o
[ 50%] Building C object GLFW/src/CMakeFiles/glfw.dir/xkb_unicode.c.o
[ 52%] Building C object GLFW/src/CMakeFiles/glfw.dir/glx_context.c.o
[ 53%] Building C object GLFW/src/CMakeFiles/glfw.dir/wl_init.c.o
[ 53%] Building C object GLFW/src/CMakeFiles/glfw.dir/wl_monitor.c.o
[ 54%] Building CXX object openvdb/openvdb/openvdb/CMakeFiles/openvdb_static.dir/math/Half.cc.o
[ 56%] Building C object GLFW/src/CMakeFiles/glfw.dir/wl_window.c.o
[ 57%] Building CXX object openvdb/openvdb/openvdb/CMakeFiles/openvdb_static.dir/math/Maps.cc.o
[ 58%] Building C object GLFW/src/CMakeFiles/glfw.dir/linux_joystick.c.o
[ 58%] Building CXX object openvdb/openvdb/openvdb/CMakeFiles/openvdb_static.dir/math/Proximity.cc.o
[ 60%] Building C object GLFW/src/CMakeFiles/glfw.dir/posix_poll.c.o
[ 61%] Building CXX object openvdb/openvdb/openvdb/CMakeFiles/openvdb_static.dir/math/QuantizedUnitVec.cc.o
[ 62%] Linking C static library ../../Lib/libglfw3.a
[ 64%] Building CXX object openvdb/openvdb/openvdb/CMakeFiles/openvdb_static.dir/math/Transform.cc.o
[ 64%] Built target glfw
[ 65%] Building CXX object openvdb/openvdb/openvdb/CMakeFiles/openvdb_static.dir/Metadata.cc.o
[ 66%] Building CXX object openvdb/openvdb/openvdb/CMakeFiles/openvdb_static.dir/MetaMap.cc.o
[ 66%] Building CXX object openvdb/openvdb/openvdb/CMakeFiles/openvdb_static.dir/openvdb.cc.o
[ 68%] Building CXX object openvdb/openvdb/openvdb/CMakeFiles/openvdb_static.dir/Platform.cc.o
[ 69%] Building CXX object openvdb/openvdb/openvdb/CMakeFiles/openvdb_static.dir/points/AttributeArray.cc.o
[ 70%] Building CXX object openvdb/openvdb/openvdb/CMakeFiles/openvdb_static.dir/points/AttributeArrayString.cc.o
[ 72%] Building CXX object openvdb/openvdb/openvdb/CMakeFiles/openvdb_static.dir/points/AttributeGroup.cc.o
[ 73%] Building CXX object openvdb/openvdb/openvdb/CMakeFiles/openvdb_static.dir/points/AttributeSet.cc.o
[ 73%] Building CXX object openvdb/openvdb/openvdb/CMakeFiles/openvdb_static.dir/points/StreamCompression.cc.o
[ 74%] Building CXX object openvdb/openvdb/openvdb/CMakeFiles/openvdb_static.dir/points/points.cc.o
[ 76%] Building CXX object openvdb/openvdb/openvdb/CMakeFiles/openvdb_static.dir/util/Assert.cc.o
[ 77%] Building CXX object openvdb/openvdb/openvdb/CMakeFiles/openvdb_static.dir/util/Formats.cc.o
[ 78%] Linking CXX static library ../../../Lib/libopenvdb.a
[ 78%] Built target openvdb_static
[ 81%] Building CXX object CMakeFiles/picogk.dir/Source/PicoGKGLObjects.cpp.o
[ 81%] Building CXX object CMakeFiles/picogk.dir/Source/PicoGKGLShader.cpp.o
[ 82%] Building CXX object CMakeFiles/picogk.dir/Source/PicoGKGLTexture.cpp.o
[ 81%] Building CXX object CMakeFiles/picogk.dir/Source/PicoGKGLDebug.cpp.o
[ 84%] Building CXX object CMakeFiles/picogk.dir/Source/PicoGKGLViewerGui.cpp.o
[ 84%] Building CXX object CMakeFiles/picogk.dir/Source/PicoGKGLViewer.cpp.o
[ 85%] Building CXX object CMakeFiles/picogk.dir/Source/PicoGKGLViewerManager.cpp.o
[ 86%] Building CXX object CMakeFiles/picogk.dir/Source/PicoGKGLViewerObjects.cpp.o
[ 88%] Building CXX object CMakeFiles/picogk.dir/Source/PicoGKGLViewerShaders.cpp.o
[ 89%] Building CXX object CMakeFiles/picogk.dir/Source/PicoGKLibrary.cpp.o
[ 90%] Building C object CMakeFiles/picogk.dir/Source/gl/glad.c.o
cc1: warning: command-line option ‘-fvisibility-inlines-hidden’ is valid for C++/ObjC++ but not for C
[ 90%] Building CXX object CMakeFiles/picogk.dir/imgui/imgui.cpp.o
[ 92%] Building CXX object CMakeFiles/picogk.dir/imgui/imgui_draw.cpp.o
[ 93%] Building CXX object CMakeFiles/picogk.dir/imgui/imgui_tables.cpp.o
[ 94%] Building CXX object CMakeFiles/picogk.dir/imgui/imgui_widgets.cpp.o
[ 96%] Building CXX object CMakeFiles/picogk.dir/imgui/imgui_demo.cpp.o
[ 96%] Building CXX object CMakeFiles/picogk.dir/imgui/backends/imgui_impl_glfw.cpp.o
[ 97%] Building CXX object CMakeFiles/picogk.dir/imgui/backends/imgui_impl_opengl3.cpp.o
[ 98%] Linking CXX shared library lib/picogk.so
Create build headers
Creating build headers...
Copying header files to Dist folder
Copying library files to Dist folder
[ 98%] Built target picogk
[ 98%] Building CXX object CMakeFiles/APITests.dir/APITests/main.cpp.o
[100%] Linking CXX executable Dist/APITests
[100%] Built target APITests
