Starte PicoGK Web API (DISPLAY=:1) ...
Ein PicoGK-Viewer-Fenster oeffnet sich zusaetzlich auf dem Desktop - das ist normal (PicoGK benoetigt es intern).
Web-UI: http://localhost:5266

      0s    0.0+ Opened /home/thomas/Documents/PicoGK.log
      0s    0.0+ 
      0s    0.0+ ----------------------------------------
      0s    0.0+ 
      0s    0.0+ Current time (UTC): 2026-07-16 10:58:19 (UTC)
      0s    0.0+ Current local time: 2026-07-16 12:58:19 (+02:00)
      0s    0.0+ 
      0s    0.0+ ----------------------------------------
      0s    0.0+ 
      0s    0.0+ System Info:
      0s    0.0+ 
      0s    0.0+ Machine Name:         GrosserRechner
      0s    0.0+ Operating System      Ubuntu 24.04.3 LTS
      0s    0.0+ Version:              Unix 6.17.0.40
      0s    0.0+ OS Architecture:      X64
      0s    0.0+ Proc Architecture:    X64
      0s    0.0+ 64 Bit OS:            Yes
      0s    0.0+ 64 Bit Process:       Yes
      0s    0.0+ Processor Count:      8
      0s    0.0+ Working Set:          39MB
      0s    0.0+ C# Framework:         .NET 9.0.18
      0s    0.0+ C# CLR Version:       9.0.18
      0s    0.0+ PicoGK Path:          /home/thomas/ai-project/pikogk/PicoGKRuntime/Dist/picogk.so
      0s    0.0+ Command Line:         /home/thomas/ai-project/pikogk/PicoGKWebApi/bin/Debug/net9.0/PicoGKWebApi.dll
      0s    0.0+ 
      0s    0.0+ ----------------------------------------
      0s    0.0+ 
      0s    0.0+ PicoGK:    PicoGK Core Library
      0s    0.0+            26.2.0
      0s    0.0+            2026-06-05 21:31:47 picogk
      0s    0.0+ 
      0s    0.0+ VoxelSize: 0.25 (mm)
      0s    0.0+ Happy Computational Engineering!
      0s    0.0+ 
      0s    0.0+ 
PicoGK Web API listening on http://localhost:5266
      1s    1.1+ OpenGL: 4.1.0 NVIDIA 580.105.08 / NVIDIA GeForce RTX 3090/PCIe/SSE2 / NVIDIA Corporation
      1s    0.1+ Loading lights embedded environment
      1s    0.0+ Starting tasks.
      1s    0.0+ 
      1s    0.0+ Loading Lights
   1043s 1041.4+ Viewer window closing requested - Waiting for task to end.
   1043s    0.1+ Viewer Window Closed
Disposing Library
Done Disposing Library
   1043s    0.0+ 
   1043s    0.0+ ----------------------------------------
   1043s    0.0+ 
   1043s    0.0+ Closing log file.
   1043s    0.0+ Current time (UTC): 2026-07-16 11:15:42 (UTC)
   1043s    0.0+ Current local time: 2026-07-16 13:15:42 (+02:00)
   1043s    0.0+ Done.
